------------------------------------------------------------
Timing Analyzer Summary
------------------------------------------------------------

Type  : Slow 1200mV 85C Model Setup 'clock'
Slack : -15.463
TNS   : -2177.901

Type  : Slow 1200mV 85C Model Setup 'reset'
Slack : -11.724
TNS   : -2915.187

Type  : Slow 1200mV 85C Model Hold 'reset'
Slack : -6.680
TNS   : -29.736

Type  : Slow 1200mV 85C Model Hold 'clock'
Slack : 1.011
TNS   : 0.000

Type  : Slow 1200mV 85C Model Minimum Pulse Width 'reset'
Slack : -4.154
TNS   : -6336.814

Type  : Slow 1200mV 85C Model Minimum Pulse Width 'clock'
Slack : -3.000
TNS   : -233.015

Type  : Slow 1200mV 0C Model Setup 'clock'
Slack : -14.161
TNS   : -2021.556

Type  : Slow 1200mV 0C Model Setup 'reset'
Slack : -10.636
TNS   : -2722.195

Type  : Slow 1200mV 0C Model Hold 'reset'
Slack : -5.929
TNS   : -26.025

Type  : Slow 1200mV 0C Model Hold 'clock'
Slack : 0.963
TNS   : 0.000

Type  : Slow 1200mV 0C Model Minimum Pulse Width 'reset'
Slack : -3.763
TNS   : -5660.657

Type  : Slow 1200mV 0C Model Minimum Pulse Width 'clock'
Slack : -3.000
TNS   : -233.015

Type  : Fast 1200mV 0C Model Setup 'clock'
Slack : -7.376
TNS   : -1017.241

Type  : Fast 1200mV 0C Model Setup 'reset'
Slack : -6.264
TNS   : -1539.125

Type  : Fast 1200mV 0C Model Hold 'reset'
Slack : -3.720
TNS   : -24.702

Type  : Fast 1200mV 0C Model Hold 'clock'
Slack : 0.365
TNS   : 0.000

Type  : Fast 1200mV 0C Model Minimum Pulse Width 'reset'
Slack : -3.000
TNS   : -2540.567

Type  : Fast 1200mV 0C Model Minimum Pulse Width 'clock'
Slack : -3.000
TNS   : -217.477

------------------------------------------------------------
