------------------------------------------------------------
Timing Analyzer Summary
------------------------------------------------------------

Type  : Slow 1200mV 85C Model Setup 'clock'
Slack : -16.445
TNS   : -3390.217

Type  : Slow 1200mV 85C Model Setup 'reset'
Slack : -12.236
TNS   : -2260.282

Type  : Slow 1200mV 85C Model Hold 'reset'
Slack : -8.706
TNS   : -458.444

Type  : Slow 1200mV 85C Model Hold 'clock'
Slack : -0.574
TNS   : -2.358

Type  : Slow 1200mV 85C Model Minimum Pulse Width 'reset'
Slack : -3.240
TNS   : -5454.439

Type  : Slow 1200mV 85C Model Minimum Pulse Width 'clock'
Slack : -3.000
TNS   : -319.110

Type  : Slow 1200mV 0C Model Setup 'clock'
Slack : -15.339
TNS   : -3156.815

Type  : Slow 1200mV 0C Model Setup 'reset'
Slack : -11.230
TNS   : -2141.915

Type  : Slow 1200mV 0C Model Hold 'reset'
Slack : -7.766
TNS   : -421.610

Type  : Slow 1200mV 0C Model Hold 'clock'
Slack : -0.539
TNS   : -2.199

Type  : Slow 1200mV 0C Model Minimum Pulse Width 'reset'
Slack : -3.000
TNS   : -4895.764

Type  : Slow 1200mV 0C Model Minimum Pulse Width 'clock'
Slack : -3.000
TNS   : -319.110

Type  : Fast 1200mV 0C Model Setup 'clock'
Slack : -7.869
TNS   : -1589.859

Type  : Fast 1200mV 0C Model Setup 'reset'
Slack : -6.280
TNS   : -1192.945

Type  : Fast 1200mV 0C Model Hold 'reset'
Slack : -4.858
TNS   : -275.820

Type  : Fast 1200mV 0C Model Hold 'clock'
Slack : -0.254
TNS   : -1.078

Type  : Fast 1200mV 0C Model Minimum Pulse Width 'reset'
Slack : -3.000
TNS   : -2114.655

Type  : Fast 1200mV 0C Model Minimum Pulse Width 'clock'
Slack : -3.000
TNS   : -297.269

------------------------------------------------------------
