------------------------------------------------------------
Timing Analyzer Summary
------------------------------------------------------------

Type  : Slow 1200mV 85C Model Setup 'clk'
Slack : -2.637
TNS   : -45.219

Type  : Slow 1200mV 85C Model Setup 'opcode[0]'
Slack : -0.281
TNS   : -1.099

Type  : Slow 1200mV 85C Model Hold 'clk'
Slack : 0.408
TNS   : 0.000

Type  : Slow 1200mV 85C Model Hold 'opcode[0]'
Slack : 0.444
TNS   : 0.000

Type  : Slow 1200mV 85C Model Minimum Pulse Width 'clk'
Slack : -3.000
TNS   : -36.410

Type  : Slow 1200mV 85C Model Minimum Pulse Width 'opcode[0]'
Slack : -3.000
TNS   : -9.756

Type  : Slow 1200mV 0C Model Setup 'clk'
Slack : -2.264
TNS   : -38.064

Type  : Slow 1200mV 0C Model Setup 'opcode[0]'
Slack : -0.175
TNS   : -0.662

Type  : Slow 1200mV 0C Model Hold 'clk'
Slack : 0.366
TNS   : 0.000

Type  : Slow 1200mV 0C Model Hold 'opcode[0]'
Slack : 0.402
TNS   : 0.000

Type  : Slow 1200mV 0C Model Minimum Pulse Width 'clk'
Slack : -3.000
TNS   : -36.410

Type  : Slow 1200mV 0C Model Minimum Pulse Width 'opcode[0]'
Slack : -3.000
TNS   : -8.920

Type  : Fast 1200mV 0C Model Setup 'clk'
Slack : -0.844
TNS   : -11.225

Type  : Fast 1200mV 0C Model Setup 'opcode[0]'
Slack : 0.375
TNS   : 0.000

Type  : Fast 1200mV 0C Model Hold 'clk'
Slack : 0.176
TNS   : 0.000

Type  : Fast 1200mV 0C Model Hold 'opcode[0]'
Slack : 0.198
TNS   : 0.000

Type  : Fast 1200mV 0C Model Minimum Pulse Width 'clk'
Slack : -3.000
TNS   : -30.376

Type  : Fast 1200mV 0C Model Minimum Pulse Width 'opcode[0]'
Slack : -3.000
TNS   : -11.217

------------------------------------------------------------
